// Jest Snapshot v1, https://goo.gl/fbAQLP

exports[`it renders an image 1`] = `
<div
  className="image-container"
>
  <img
    alt="Google Inc"
    className="image"
    height="60"
    src="https://google.com"
    width="100"
  />
</div>
`;
