// Jest Snapshot v1, https://goo.gl/fbAQLP

exports[`it renders a logo 1`] = `
<div
  className="logo-container"
>
  <img
    alt="Giphy Client"
    className="logo-mark"
    src="giphy-logo.png"
  />
  <h1
    className="logo-type"
  >
    GIPHY
  </h1>
</div>
`;
